src/modules/customers/customer.service.ts(60,17): error TS2353: Object literal may only specify known properties, and 'total' does not exist in type 'OrderSumAggregateInputType'.
src/modules/customers/customer.service.ts(65,26): error TS18048: 'stats._count' is possibly 'undefined'.
src/modules/customers/customer.service.ts(65,39): error TS2339: Property 'id' does not exist on type 'true | { id?: number | undefined; orderNumber?: number | undefined; userId?: number | undefined; subtotal?: number | undefined; taxAmount?: number | undefined; discountAmount?: number | undefined; ... 12 more ...; _all?: number | undefined; }'.
  Property 'id' does not exist on type 'true'.
src/modules/customers/customer.service.ts(66,25): error TS18048: 'stats._sum' is possibly 'undefined'.
src/modules/customers/customer.service.ts(66,36): error TS2339: Property 'total' does not exist on type '{ subtotal?: number | null | undefined; taxAmount?: number | null | undefined; discountAmount?: number | null | undefined; shippingAmount?: number | null | undefined; totalAmount?: number | ... 1 more ... | undefined; }'.
src/modules/dashboard/dashboard.service.ts(90,18): error TS2353: Object literal may only specify known properties, and 'status' does not exist in type 'OrderWhereInput'.
src/modules/dashboard/dashboard.service.ts(95,29): error TS2339: Property 'items' does not exist on type '{ id: string; createdAt: Date; updatedAt: Date; notes: string | null; userId: string | null; orderNumber: string; subtotal: number; taxAmount: number; discountAmount: number; shippingAmount: number; ... 7 more ...; customerId: string | null; }'.
src/modules/ecommerce/ecommerce.service.ts(37,37): error TS2339: Property 'stock' does not exist on type '{ id: string; name: string; createdAt: Date; updatedAt: Date; description: string | null; category: string; dimensions: string | null; sku: string; barcode: string | null; price: number; ... 11 more ...; ogImage: string | null; }'.
src/modules/ecommerce/ecommerce.service.ts(44,25): error TS2353: Object literal may only specify known properties, and 'stock' does not exist in type '(Without<ProductUpdateInput, ProductUncheckedUpdateInput> & ProductUncheckedUpdateInput) | (Without<...> & ProductUpdateInput)'.
src/modules/ecommerce/ecommerce.service.ts(44,40): error TS2339: Property 'stock' does not exist on type '{ id: string; name: string; createdAt: Date; updatedAt: Date; description: string | null; category: string; dimensions: string | null; sku: string; barcode: string | null; price: number; ... 11 more ...; ogImage: string | null; }'.
src/modules/ecommerce/ecommerce.service.ts(118,18): error TS2339: Property 'validUntil' does not exist on type '{ value: number; code: string; type: DiscountType; id: string; isActive: boolean; createdAt: Date; updatedAt: Date; expiryDate: Date | null; minOrderAmount: number | null; maxDiscountAmount: number | null; usageLimit: number | null; usedCount: number; perUserLimit: number | null; }'.
src/modules/ecommerce/ecommerce.service.ts(118,50): error TS2339: Property 'validUntil' does not exist on type '{ value: number; code: string; type: DiscountType; id: string; isActive: boolean; createdAt: Date; updatedAt: Date; expiryDate: Date | null; minOrderAmount: number | null; maxDiscountAmount: number | null; usageLimit: number | null; usedCount: number; perUserLimit: number | null; }'.
src/modules/ecommerce/ecommerce.service.ts(122,41): error TS2551: Property 'usageCount' does not exist on type '{ value: number; code: string; type: DiscountType; id: string; isActive: boolean; createdAt: Date; updatedAt: Date; expiryDate: Date | null; minOrderAmount: number | null; maxDiscountAmount: number | null; usageLimit: number | null; usedCount: number; perUserLimit: number | null; }'. Did you mean 'usedCount'?
src/modules/orders/order.controller.ts(19,117): error TS2339: Property 'total' does not exist on type '{ id: string; createdAt: Date; updatedAt: Date; notes: string | null; userId: string | null; orderNumber: string; subtotal: number; taxAmount: number; discountAmount: number; shippingAmount: number; ... 7 more ...; customerId: string | null; }'.
src/modules/orders/order.controller.ts(23,134): error TS2339: Property 'total' does not exist on type '{ id: string; createdAt: Date; updatedAt: Date; notes: string | null; userId: string | null; orderNumber: string; subtotal: number; taxAmount: number; discountAmount: number; shippingAmount: number; ... 7 more ...; customerId: string | null; }'.
src/modules/orders/order.controller.ts(23,154): error TS2339: Property 'status' does not exist on type '{ id: string; createdAt: Date; updatedAt: Date; notes: string | null; userId: string | null; orderNumber: string; subtotal: number; taxAmount: number; discountAmount: number; shippingAmount: number; ... 7 more ...; customerId: string | null; }'.
src/modules/orders/order.controller.ts(40,68): error TS2339: Property 'status' does not exist on type '{ id: string; createdAt: Date; updatedAt: Date; notes: string | null; userId: string | null; orderNumber: string; subtotal: number; taxAmount: number; discountAmount: number; shippingAmount: number; ... 7 more ...; customerId: string | null; }'.
src/modules/orders/order.service.ts(72,29): error TS2339: Property 'stock' does not exist on type '{ id: string; name: string; createdAt: Date; updatedAt: Date; description: string | null; category: string; dimensions: string | null; sku: string; barcode: string | null; price: number; ... 11 more ...; ogImage: string | null; }'.
src/modules/orders/order.service.ts(82,82): error TS2353: Object literal may only specify known properties, and 'stock' does not exist in type '(Without<ProductUpdateInput, ProductUncheckedUpdateInput> & ProductUncheckedUpdateInput) | (Without<...> & ProductUpdateInput)'.
src/modules/orders/order.service.ts(99,17): error TS2353: Object literal may only specify known properties, and 'discount' does not exist in type '(Without<OrderCreateInput, OrderUncheckedCreateInput> & OrderUncheckedCreateInput) | (Without<...> & OrderCreateInput)'.
src/modules/orders/order.service.ts(125,113): error TS2353: Object literal may only specify known properties, and 'total' does not exist in type 'OrderSelect<DefaultArgs>'.
src/modules/orders/order.service.ts(130,71): error TS2339: Property 'total' does not exist on type '{ id: string; createdAt: Date; updatedAt: Date; notes: string | null; userId: string | null; orderNumber: string; subtotal: number; taxAmount: number; discountAmount: number; shippingAmount: number; ... 7 more ...; customerId: string | null; }'.
src/modules/orders/order.service.ts(140,31): error TS2339: Property 'total' does not exist on type '{ id: string; createdAt: Date; updatedAt: Date; notes: string | null; userId: string | null; orderNumber: string; subtotal: number; taxAmount: number; discountAmount: number; shippingAmount: number; ... 7 more ...; customerId: string | null; }'.
src/modules/orders/order.service.ts(154,41): error TS2339: Property 'status' does not exist on type '{ invoice: { status: InvoiceStatus; type: TransactionType; id: string; createdAt: Date; updatedAt: Date; notes: string | null; subtotal: number; ... 34 more ...; paymentHistory: JsonValue[]; } | null; customer: { ...; } | null; } & { ...; }'.
src/modules/orders/order.service.ts(157,33): error TS2339: Property 'items' does not exist on type '{ invoice: { status: InvoiceStatus; type: TransactionType; id: string; createdAt: Date; updatedAt: Date; notes: string | null; subtotal: number; ... 34 more ...; paymentHistory: JsonValue[]; } | null; customer: { ...; } | null; } & { ...; }'.
src/modules/orders/order.service.ts(163,90): error TS2353: Object literal may only specify known properties, and 'stock' does not exist in type '(Without<ProductUpdateInput, ProductUncheckedUpdateInput> & ProductUncheckedUpdateInput) | (Without<...> & ProductUpdateInput)'.
src/modules/orders/order.service.ts(171,61): error TS2353: Object literal may only specify known properties, and 'status' does not exist in type '(Without<OrderUpdateInput, OrderUncheckedUpdateInput> & OrderUncheckedUpdateInput) | (Without<...> & OrderUpdateInput)'.
src/modules/orders/order.service.ts(175,57): error TS2353: Object literal may only specify known properties, and 'status' does not exist in type '(Without<OrderUpdateInput, OrderUncheckedUpdateInput> & OrderUncheckedUpdateInput) | (Without<...> & OrderUpdateInput)'.
src/modules/search/search.route.ts(20,117): error TS2353: Object literal may only specify known properties, and 'total' does not exist in type 'OrderSelect<DefaultArgs>'.
